// Jest Snapshot v1, https://goo.gl/fbAQLP

exports[`Button snapshot Button 1`] = `
<div>
  <button
    class="button"
  >
    버튼
  </button>
</div>
`;
